[2025-12-20T21:05:46.359453] user=admin event=admin_auth_check details=success
[2025-12-20T21:06:16.153937] user=admin event=admin_auth_check details=success
[2025-12-20T21:06:16.242363] user=admin event=admin_list_users details=count=0
[2025-12-20T21:06:16.254438] user=admin event=admin_auth_check details=success
[2025-12-20T21:06:16.337192] user=admin event=admin_list_users details=count=0
[2025-12-20T21:06:50.122239] user=admin event=admin_auth_check details=success
[2025-12-20T21:06:50.299071] user=admin event=admin_add_user details=username=abdullah, id=1
[2025-12-20T21:06:50.308443] user=admin event=admin_auth_check details=success
[2025-12-20T21:06:50.513586] user=admin event=admin_list_users details=count=1
[2025-12-20T21:06:50.529925] user=admin event=admin_auth_check details=success
[2025-12-20T21:06:50.628485] user=admin event=admin_list_users details=count=1
[2025-12-20T21:13:04.951112] user=abdullah event=user_auth_check details=success
[2025-12-20T21:13:20.050203] user=abdullah event=user_auth_check details=success
[2025-12-21T12:48:25.257579] user=admin event=admin_auth_check details=success
[2025-12-21T12:48:29.460613] user=admin event=admin_auth_check details=success
[2025-12-21T12:48:31.315655] user=admin event=admin_auth_check details=success
[2025-12-21T12:48:32.456903] user=admin event=admin_list_users details=count=0
[2025-12-21T12:48:34.914427] user=admin event=admin_list_users details=count=0
[2025-12-21T12:48:35.041739] user=admin event=admin_auth_check details=success
[2025-12-21T12:48:38.732822] user=admin event=admin_list_users details=count=0
[2025-12-21T12:48:38.741608] user=admin event=admin_auth_check details=success
[2025-12-21T12:48:43.713874] user=admin event=admin_list_users details=count=0
[2025-12-21T12:48:44.514203] user=admin event=admin_auth_check details=success
[2025-12-21T12:48:52.385498] user=admin event=admin_add_user details=username=abdullah, id=1
[2025-12-21T12:48:52.405006] user=admin event=admin_auth_check details=success
[2025-12-21T12:48:55.468350] user=admin event=admin_list_users details=count=1
[2025-12-21T12:48:55.482945] user=admin event=admin_auth_check details=success
[2025-12-21T12:48:59.336566] user=admin event=admin_list_users details=count=1
[2025-12-21T12:49:16.730448] user=abdullah event=user_auth_check details=success
[2025-12-21T12:49:25.137921] user=abdullah event=user_auth_check details=success
[2025-12-21T12:49:28.582455] user=abdullah event=list_pdfs details=count=0
[2025-12-21T12:49:37.359287] user=abdullah event=user_auth_check details=success
[2025-12-21T12:49:41.867381] user=abdullah event=list_pdfs details=count=0
[2025-12-21T12:49:44.933527] user=abdullah event=user_auth_check details=success
[2025-12-21T12:49:47.875986] user=abdullah event=user_list_vectordb_sources details=count=0
[2025-12-21T12:50:00.792232] user=abdullah event=user_auth_check details=success
[2025-12-21T12:53:38.633358] user=abdullah event=user_auth_check details=success
[2025-12-21T12:54:24.463836] user=abdullah event=user_chat details=message=hey
[2025-12-21T12:55:20.929980] user=abdullah event=user_auth_check details=success
[2025-12-21T12:55:24.732852] user=abdullah event=list_pdfs details=count=0
[2025-12-21T12:56:04.376834] user=abdullah event=user_auth_check details=success
[2025-12-21T12:56:07.596718] user=abdullah event=list_pdfs details=count=0
[2025-12-21T12:56:17.882087] user=abdullah event=user_auth_check details=success
[2025-12-21T12:56:21.916259] user=abdullah event=user_auth_check details=success
[2025-12-21T12:56:25.112675] user=abdullah event=list_pdfs details=count=0
[2025-12-21T13:06:50.301610] user=abdullah event=user_auth_check details=success
[2025-12-21T13:06:59.296332] user=abdullah event=user_auth_check details=success
[2025-12-21T13:07:02.559640] user=abdullah event=list_pdfs details=count=0
[2025-12-21T13:07:28.391168] user=abdullah event=user_auth_check details=success
[2025-12-21T13:07:35.242089] user=abdullah event=user_auth_check details=success
[2025-12-21T13:07:38.309330] user=abdullah event=list_pdfs details=count=0
[2025-12-21T13:08:30.341095] user=abdullah event=user_auth_check details=success
[2025-12-21T13:08:39.822259] user=abdullah event=user_auth_check details=success
[2025-12-21T13:08:40.237547] user=abdullah event=user_auth_check details=success
[2025-12-21T13:08:43.289892] user=abdullah event=list_pdfs details=count=0
[2025-12-21T13:08:44.857009] user=abdullah event=list_pdfs details=count=0
[2025-12-21T13:09:06.363625] user=abdullah event=user_auth_check details=success
[2025-12-21T13:09:13.926332] user=abdullah event=upload_pdf details=filename=FTA Decision No. 8 of 2025 on Timelines for investors and fund - FTA formatting - for publishing.pdf, is_public=0
[2025-12-21T13:09:18.499024] user=abdullah event=user_auth_check details=success
[2025-12-21T13:09:24.565924] user=abdullah event=list_pdfs details=count=1
[2025-12-21T13:11:16.573404] user=abdullah event=user_auth_check details=success
[2025-12-21T13:12:12.547159] user=abdullah event=user_chat details=message=hello
[2025-12-21T13:12:53.484853] user=abdullah event=user_auth_check details=success
[2025-12-21T13:12:55.908625] user=abdullah event=user_auth_check details=success
[2025-12-21T13:12:56.742856] user=abdullah event=list_pdfs details=count=1
[2025-12-21T13:13:00.219675] user=abdullah event=list_pdfs details=count=1
[2025-12-21T13:13:09.191015] user=admin event=user_auth_check details=failed
[2025-12-21T13:13:46.805375] user=admin event=admin_auth_check details=success
[2025-12-21T13:13:50.316379] user=admin event=admin_auth_check details=success
[2025-12-21T13:13:54.093641] user=admin event=admin_list_users details=count=1
[2025-12-21T13:13:54.101186] user=admin event=admin_auth_check details=success
[2025-12-21T13:13:58.137027] user=admin event=admin_list_users details=count=1
[2025-12-21T13:14:04.023361] user=admin event=admin_auth_check details=success
[2025-12-21T13:14:09.337634] user=admin event=admin_list_users details=count=1
[2025-12-21T13:14:09.349371] user=admin event=admin_auth_check details=success
[2025-12-21T13:14:13.168742] user=admin event=admin_list_users details=count=1
[2025-12-21T13:14:13.173999] user=admin event=admin_auth_check details=success
[2025-12-21T13:14:13.583568] user=admin event=admin_auth_check details=success
[2025-12-21T13:14:17.064832] user=admin event=admin_list_users details=count=1
[2025-12-21T13:14:18.122033] user=admin event=admin_list_users details=count=1
[2025-12-21T13:14:21.773593] user=admin event=admin_auth_check details=success
[2025-12-21T13:14:29.468189] user=admin event=admin_list_users details=count=1
[2025-12-21T13:14:29.474796] user=admin event=admin_auth_check details=success
[2025-12-21T13:14:33.677844] user=admin event=admin_get_chat_history details=user_id=abdullah, count=2
[2025-12-21T13:14:37.273190] user=admin event=admin_auth_check details=success
[2025-12-21T13:14:40.882842] user=admin event=admin_list_pdfs details=count=1
[2025-12-21T13:14:43.928452] user=admin event=admin_auth_check details=success
[2025-12-21T13:14:48.520628] user=admin event=admin_list_pdfs details=count=1
[2025-12-21T13:14:48.523658] user=admin event=admin_auth_check details=success
[2025-12-21T13:14:52.372901] user=admin event=admin_list_pdfs details=count=1
[2025-12-21T13:15:06.275510] user=admin event=admin_auth_check details=success
[2025-12-21T13:15:09.390626] user=admin event=admin_auth_check details=success
[2025-12-21T13:15:11.021780] user=admin event=admin_list_pdfs details=count=1
[2025-12-21T13:15:15.341407] user=admin event=admin_ingest_all_pdfs details=all public PDFs ingested
[2025-12-21T13:15:15.344841] user=admin event=admin_auth_check details=success
[2025-12-21T13:15:23.699768] user=admin event=admin_list_pdfs details=count=1
[2025-12-21T13:15:23.708335] user=admin event=admin_auth_check details=success
[2025-12-21T13:15:29.955930] user=admin event=admin_list_pdfs details=count=1
[2025-12-21T13:15:29.967514] user=admin event=admin_auth_check details=success
[2025-12-21T13:15:34.040085] user=admin event=admin_list_users details=count=1
[2025-12-21T13:15:34.048951] user=admin event=admin_auth_check details=success
[2025-12-21T13:15:37.255168] user=admin event=admin_list_users details=count=1
[2025-12-21T13:15:45.108668] user=admin event=admin_auth_check details=success
[2025-12-21T13:15:48.345281] user=admin event=admin_list_pdfs details=count=1
[2025-12-21T13:15:54.611488] user=admin event=admin_auth_check details=success
[2025-12-21T13:15:57.263255] user=admin event=admin_list_pdfs details=count=1
[2025-12-21T13:15:57.274368] user=admin event=admin_auth_check details=success
[2025-12-21T13:16:02.043195] user=admin event=admin_list_pdfs details=count=1
[2025-12-21T13:16:02.050769] user=admin event=admin_auth_check details=success
[2025-12-21T13:16:10.923111] user=admin event=admin_list_users details=count=1
[2025-12-21T13:16:10.934167] user=admin event=admin_auth_check details=success
[2025-12-21T13:16:12.677528] user=admin event=admin_auth_check details=success
[2025-12-21T13:16:15.210330] user=admin event=admin_list_users details=count=1
[2025-12-21T13:16:18.936160] user=admin event=admin_list_pdfs details=count=1
[2025-12-21T13:16:18.943189] user=admin event=admin_auth_check details=success
[2025-12-21T13:16:22.204485] user=admin event=admin_list_pdfs details=count=1
[2025-12-21T13:16:22.220586] user=admin event=admin_auth_check details=success
[2025-12-21T13:16:26.805342] user=admin event=admin_list_users details=count=1
[2025-12-21T13:16:26.815744] user=admin event=admin_auth_check details=success
[2025-12-21T13:16:30.814601] user=admin event=admin_list_vectordb_sources details=count=0
[2025-12-21T13:16:30.814601] user=admin event=admin_auth_check details=success
[2025-12-21T13:16:34.077322] user=admin event=admin_list_users details=count=1
